// Jest Snapshot v1, https://goo.gl/fbAQLP

exports[`mode selector tests renders buttons for selecting a practice mode 1`] = `
<div
  className="sc-bwzfXH dVfpzR"
>
  <span
    className="sc-htpNat joCuXP"
  >
    What would you like to practice?
  </span>
  <button
    className="sc-bdVaJa eYKQVy"
    onClick={[Function]}
  >
    Hiragana
  </button>
  <button
    className="sc-bdVaJa eYKQVy"
    onClick={[Function]}
  >
    Katakana
  </button>
  <button
    className="sc-bdVaJa eYKQVy"
    onClick={[Function]}
  >
    Hiragana and Katakana
  </button>
</div>
`;
